========= COMPUTE-SANITIZER
========= Warning: Race reported between Write access at void cusparse::csrmv_v3_kernel<std::integral_constant<bool, (bool)1>, int, int, double, double, double, double, void>(cusparse::KernelCoeffs<T7>, const T3 *, const T2 *, const T3 *, const T4 *, T2, int, int, const T5 *, T6 *, T3 *, T7 *)+0x42d0
=========     and Write access at void cusparse::csrmv_v3_kernel<std::integral_constant<bool, (bool)1>, int, int, double, double, double, double, void>(cusparse::KernelCoeffs<T7>, const T3 *, const T2 *, const T3 *, const T4 *, T2, int, int, const T5 *, T6 *, T3 *, T7 *)+0x4320 [16 hazards]
========= 
========= Error: Race reported between Write access at void cusparse::csrmv_v3_kernel<std::integral_constant<bool, (bool)1>, int, int, double, double, double, double, void>(cusparse::KernelCoeffs<T7>, const T3 *, const T2 *, const T3 *, const T4 *, T2, int, int, const T5 *, T6 *, T3 *, T7 *)+0x4310
=========     and Write access at void cusparse::csrmv_v3_kernel<std::integral_constant<bool, (bool)1>, int, int, double, double, double, double, void>(cusparse::KernelCoeffs<T7>, const T3 *, const T2 *, const T3 *, const T4 *, T2, int, int, const T5 *, T6 *, T3 *, T7 *)+0x4300 [8 hazards]
=========     and Write access at void cusparse::csrmv_v3_kernel<std::integral_constant<bool, (bool)1>, int, int, double, double, double, double, void>(cusparse::KernelCoeffs<T7>, const T3 *, const T2 *, const T3 *, const T4 *, T2, int, int, const T5 *, T6 *, T3 *, T7 *)+0x4310 [8 hazards]
========= 
========= Warning: Race reported between Write access at void cusparse::csrmv_v3_kernel<std::integral_constant<bool, (bool)1>, int, int, double, double, double, double, void>(cusparse::KernelCoeffs<T7>, const T3 *, const T2 *, const T3 *, const T4 *, T2, int, int, const T5 *, T6 *, T3 *, T7 *)+0x42d0
=========     and Write access at void cusparse::csrmv_v3_kernel<std::integral_constant<bool, (bool)1>, int, int, double, double, double, double, void>(cusparse::KernelCoeffs<T7>, const T3 *, const T2 *, const T3 *, const T4 *, T2, int, int, const T5 *, T6 *, T3 *, T7 *)+0x4320 [16 hazards]
========= 
========= Error: Race reported between Write access at void cusparse::csrmv_v3_kernel<std::integral_constant<bool, (bool)1>, int, int, double, double, double, double, void>(cusparse::KernelCoeffs<T7>, const T3 *, const T2 *, const T3 *, const T4 *, T2, int, int, const T5 *, T6 *, T3 *, T7 *)+0x4310
=========     and Write access at void cusparse::csrmv_v3_kernel<std::integral_constant<bool, (bool)1>, int, int, double, double, double, double, void>(cusparse::KernelCoeffs<T7>, const T3 *, const T2 *, const T3 *, const T4 *, T2, int, int, const T5 *, T6 *, T3 *, T7 *)+0x4300 [8 hazards]
=========     and Write access at void cusparse::csrmv_v3_kernel<std::integral_constant<bool, (bool)1>, int, int, double, double, double, double, void>(cusparse::KernelCoeffs<T7>, const T3 *, const T2 *, const T3 *, const T4 *, T2, int, int, const T5 *, T6 *, T3 *, T7 *)+0x4310 [8 hazards]
========= 
========= Warning: Race reported between Write access at void cusparse::csrmv_v3_kernel<std::integral_constant<bool, (bool)1>, int, int, double, double, double, double, void>(cusparse::KernelCoeffs<T7>, const T3 *, const T2 *, const T3 *, const T4 *, T2, int, int, const T5 *, T6 *, T3 *, T7 *)+0x42d0
=========     and Write access at void cusparse::csrmv_v3_kernel<std::integral_constant<bool, (bool)1>, int, int, double, double, double, double, void>(cusparse::KernelCoeffs<T7>, const T3 *, const T2 *, const T3 *, const T4 *, T2, int, int, const T5 *, T6 *, T3 *, T7 *)+0x4320 [16 hazards]
========= 
========= Error: Race reported between Write access at void cusparse::csrmv_v3_kernel<std::integral_constant<bool, (bool)1>, int, int, double, double, double, double, void>(cusparse::KernelCoeffs<T7>, const T3 *, const T2 *, const T3 *, const T4 *, T2, int, int, const T5 *, T6 *, T3 *, T7 *)+0x4310
=========     and Write access at void cusparse::csrmv_v3_kernel<std::integral_constant<bool, (bool)1>, int, int, double, double, double, double, void>(cusparse::KernelCoeffs<T7>, const T3 *, const T2 *, const T3 *, const T4 *, T2, int, int, const T5 *, T6 *, T3 *, T7 *)+0x4300 [8 hazards]
=========     and Write access at void cusparse::csrmv_v3_kernel<std::integral_constant<bool, (bool)1>, int, int, double, double, double, double, void>(cusparse::KernelCoeffs<T7>, const T3 *, const T2 *, const T3 *, const T4 *, T2, int, int, const T5 *, T6 *, T3 *, T7 *)+0x4310 [8 hazards]
========= 
========= Warning: Race reported between Write access at void cusparse::csrmv_v3_kernel<std::integral_constant<bool, (bool)1>, int, int, double, double, double, double, void>(cusparse::KernelCoeffs<T7>, const T3 *, const T2 *, const T3 *, const T4 *, T2, int, int, const T5 *, T6 *, T3 *, T7 *)+0x42d0
=========     and Write access at void cusparse::csrmv_v3_kernel<std::integral_constant<bool, (bool)1>, int, int, double, double, double, double, void>(cusparse::KernelCoeffs<T7>, const T3 *, const T2 *, const T3 *, const T4 *, T2, int, int, const T5 *, T6 *, T3 *, T7 *)+0x4320 [16 hazards]
========= 
========= Error: Race reported between Write access at void cusparse::csrmv_v3_kernel<std::integral_constant<bool, (bool)1>, int, int, double, double, double, double, void>(cusparse::KernelCoeffs<T7>, const T3 *, const T2 *, const T3 *, const T4 *, T2, int, int, const T5 *, T6 *, T3 *, T7 *)+0x4310
=========     and Write access at void cusparse::csrmv_v3_kernel<std::integral_constant<bool, (bool)1>, int, int, double, double, double, double, void>(cusparse::KernelCoeffs<T7>, const T3 *, const T2 *, const T3 *, const T4 *, T2, int, int, const T5 *, T6 *, T3 *, T7 *)+0x4300 [8 hazards]
=========     and Write access at void cusparse::csrmv_v3_kernel<std::integral_constant<bool, (bool)1>, int, int, double, double, double, double, void>(cusparse::KernelCoeffs<T7>, const T3 *, const T2 *, const T3 *, const T4 *, T2, int, int, const T5 *, T6 *, T3 *, T7 *)+0x4310 [8 hazards]
========= 
========= Warning: Race reported between Write access at void cusparse::csrmv_v3_kernel<std::integral_constant<bool, (bool)1>, int, int, double, double, double, double, void>(cusparse::KernelCoeffs<T7>, const T3 *, const T2 *, const T3 *, const T4 *, T2, int, int, const T5 *, T6 *, T3 *, T7 *)+0x42d0
=========     and Write access at void cusparse::csrmv_v3_kernel<std::integral_constant<bool, (bool)1>, int, int, double, double, double, double, void>(cusparse::KernelCoeffs<T7>, const T3 *, const T2 *, const T3 *, const T4 *, T2, int, int, const T5 *, T6 *, T3 *, T7 *)+0x4320 [16 hazards]
========= 
========= Error: Race reported between Write access at void cusparse::csrmv_v3_kernel<std::integral_constant<bool, (bool)1>, int, int, double, double, double, double, void>(cusparse::KernelCoeffs<T7>, const T3 *, const T2 *, const T3 *, const T4 *, T2, int, int, const T5 *, T6 *, T3 *, T7 *)+0x4310
=========     and Write access at void cusparse::csrmv_v3_kernel<std::integral_constant<bool, (bool)1>, int, int, double, double, double, double, void>(cusparse::KernelCoeffs<T7>, const T3 *, const T2 *, const T3 *, const T4 *, T2, int, int, const T5 *, T6 *, T3 *, T7 *)+0x4300 [8 hazards]
=========     and Write access at void cusparse::csrmv_v3_kernel<std::integral_constant<bool, (bool)1>, int, int, double, double, double, double, void>(cusparse::KernelCoeffs<T7>, const T3 *, const T2 *, const T3 *, const T4 *, T2, int, int, const T5 *, T6 *, T3 *, T7 *)+0x4310 [8 hazards]
========= 
========= Warning: Race reported between Write access at void cusparse::csrmv_v3_kernel<std::integral_constant<bool, (bool)1>, int, int, double, double, double, double, void>(cusparse::KernelCoeffs<T7>, const T3 *, const T2 *, const T3 *, const T4 *, T2, int, int, const T5 *, T6 *, T3 *, T7 *)+0x42d0
=========     and Write access at void cusparse::csrmv_v3_kernel<std::integral_constant<bool, (bool)1>, int, int, double, double, double, double, void>(cusparse::KernelCoeffs<T7>, const T3 *, const T2 *, const T3 *, const T4 *, T2, int, int, const T5 *, T6 *, T3 *, T7 *)+0x4320 [16 hazards]
========= 
========= Error: Race reported between Write access at void cusparse::csrmv_v3_kernel<std::integral_constant<bool, (bool)1>, int, int, double, double, double, double, void>(cusparse::KernelCoeffs<T7>, const T3 *, const T2 *, const T3 *, const T4 *, T2, int, int, const T5 *, T6 *, T3 *, T7 *)+0x4310
=========     and Write access at void cusparse::csrmv_v3_kernel<std::integral_constant<bool, (bool)1>, int, int, double, double, double, double, void>(cusparse::KernelCoeffs<T7>, const T3 *, const T2 *, const T3 *, const T4 *, T2, int, int, const T5 *, T6 *, T3 *, T7 *)+0x4300 [8 hazards]
=========     and Write access at void cusparse::csrmv_v3_kernel<std::integral_constant<bool, (bool)1>, int, int, double, double, double, double, void>(cusparse::KernelCoeffs<T7>, const T3 *, const T2 *, const T3 *, const T4 *, T2, int, int, const T5 *, T6 *, T3 *, T7 *)+0x4310 [8 hazards]
========= 
========= Warning: Race reported between Write access at void cusparse::csrmv_v3_kernel<std::integral_constant<bool, (bool)1>, int, int, double, double, double, double, void>(cusparse::KernelCoeffs<T7>, const T3 *, const T2 *, const T3 *, const T4 *, T2, int, int, const T5 *, T6 *, T3 *, T7 *)+0x42d0
=========     and Write access at void cusparse::csrmv_v3_kernel<std::integral_constant<bool, (bool)1>, int, int, double, double, double, double, void>(cusparse::KernelCoeffs<T7>, const T3 *, const T2 *, const T3 *, const T4 *, T2, int, int, const T5 *, T6 *, T3 *, T7 *)+0x4320 [16 hazards]
========= 
========= Error: Race reported between Write access at void cusparse::csrmv_v3_kernel<std::integral_constant<bool, (bool)1>, int, int, double, double, double, double, void>(cusparse::KernelCoeffs<T7>, const T3 *, const T2 *, const T3 *, const T4 *, T2, int, int, const T5 *, T6 *, T3 *, T7 *)+0x4310
=========     and Write access at void cusparse::csrmv_v3_kernel<std::integral_constant<bool, (bool)1>, int, int, double, double, double, double, void>(cusparse::KernelCoeffs<T7>, const T3 *, const T2 *, const T3 *, const T4 *, T2, int, int, const T5 *, T6 *, T3 *, T7 *)+0x4300 [8 hazards]
=========     and Write access at void cusparse::csrmv_v3_kernel<std::integral_constant<bool, (bool)1>, int, int, double, double, double, double, void>(cusparse::KernelCoeffs<T7>, const T3 *, const T2 *, const T3 *, const T4 *, T2, int, int, const T5 *, T6 *, T3 *, T7 *)+0x4310 [8 hazards]
========= 
========= Warning: Race reported between Write access at void cusparse::csrmv_v3_kernel<std::integral_constant<bool, (bool)1>, int, int, double, double, double, double, void>(cusparse::KernelCoeffs<T7>, const T3 *, const T2 *, const T3 *, const T4 *, T2, int, int, const T5 *, T6 *, T3 *, T7 *)+0x42d0
=========     and Write access at void cusparse::csrmv_v3_kernel<std::integral_constant<bool, (bool)1>, int, int, double, double, double, double, void>(cusparse::KernelCoeffs<T7>, const T3 *, const T2 *, const T3 *, const T4 *, T2, int, int, const T5 *, T6 *, T3 *, T7 *)+0x4320 [16 hazards]
========= 
========= Error: Race reported between Write access at void cusparse::csrmv_v3_kernel<std::integral_constant<bool, (bool)1>, int, int, double, double, double, double, void>(cusparse::KernelCoeffs<T7>, const T3 *, const T2 *, const T3 *, const T4 *, T2, int, int, const T5 *, T6 *, T3 *, T7 *)+0x4310
=========     and Write access at void cusparse::csrmv_v3_kernel<std::integral_constant<bool, (bool)1>, int, int, double, double, double, double, void>(cusparse::KernelCoeffs<T7>, const T3 *, const T2 *, const T3 *, const T4 *, T2, int, int, const T5 *, T6 *, T3 *, T7 *)+0x4300 [8 hazards]
=========     and Write access at void cusparse::csrmv_v3_kernel<std::integral_constant<bool, (bool)1>, int, int, double, double, double, double, void>(cusparse::KernelCoeffs<T7>, const T3 *, const T2 *, const T3 *, const T4 *, T2, int, int, const T5 *, T6 *, T3 *, T7 *)+0x4310 [8 hazards]
========= 
========= Warning: Race reported between Write access at void cusparse::csrmv_v3_kernel<std::integral_constant<bool, (bool)1>, int, int, double, double, double, double, void>(cusparse::KernelCoeffs<T7>, const T3 *, const T2 *, const T3 *, const T4 *, T2, int, int, const T5 *, T6 *, T3 *, T7 *)+0x42d0
=========     and Write access at void cusparse::csrmv_v3_kernel<std::integral_constant<bool, (bool)1>, int, int, double, double, double, double, void>(cusparse::KernelCoeffs<T7>, const T3 *, const T2 *, const T3 *, const T4 *, T2, int, int, const T5 *, T6 *, T3 *, T7 *)+0x4320 [16 hazards]
========= 
========= Error: Race reported between Write access at void cusparse::csrmv_v3_kernel<std::integral_constant<bool, (bool)1>, int, int, double, double, double, double, void>(cusparse::KernelCoeffs<T7>, const T3 *, const T2 *, const T3 *, const T4 *, T2, int, int, const T5 *, T6 *, T3 *, T7 *)+0x4310
=========     and Write access at void cusparse::csrmv_v3_kernel<std::integral_constant<bool, (bool)1>, int, int, double, double, double, double, void>(cusparse::KernelCoeffs<T7>, const T3 *, const T2 *, const T3 *, const T4 *, T2, int, int, const T5 *, T6 *, T3 *, T7 *)+0x4300 [8 hazards]
=========     and Write access at void cusparse::csrmv_v3_kernel<std::integral_constant<bool, (bool)1>, int, int, double, double, double, double, void>(cusparse::KernelCoeffs<T7>, const T3 *, const T2 *, const T3 *, const T4 *, T2, int, int, const T5 *, T6 *, T3 *, T7 *)+0x4310 [8 hazards]
========= 
========= Warning: Race reported between Write access at void cusparse::csrmv_v3_kernel<std::integral_constant<bool, (bool)1>, int, int, double, double, double, double, void>(cusparse::KernelCoeffs<T7>, const T3 *, const T2 *, const T3 *, const T4 *, T2, int, int, const T5 *, T6 *, T3 *, T7 *)+0x42d0
=========     and Write access at void cusparse::csrmv_v3_kernel<std::integral_constant<bool, (bool)1>, int, int, double, double, double, double, void>(cusparse::KernelCoeffs<T7>, const T3 *, const T2 *, const T3 *, const T4 *, T2, int, int, const T5 *, T6 *, T3 *, T7 *)+0x4320 [16 hazards]
========= 
========= Error: Race reported between Write access at void cusparse::csrmv_v3_kernel<std::integral_constant<bool, (bool)1>, int, int, double, double, double, double, void>(cusparse::KernelCoeffs<T7>, const T3 *, const T2 *, const T3 *, const T4 *, T2, int, int, const T5 *, T6 *, T3 *, T7 *)+0x4310
=========     and Write access at void cusparse::csrmv_v3_kernel<std::integral_constant<bool, (bool)1>, int, int, double, double, double, double, void>(cusparse::KernelCoeffs<T7>, const T3 *, const T2 *, const T3 *, const T4 *, T2, int, int, const T5 *, T6 *, T3 *, T7 *)+0x4300 [8 hazards]
=========     and Write access at void cusparse::csrmv_v3_kernel<std::integral_constant<bool, (bool)1>, int, int, double, double, double, double, void>(cusparse::KernelCoeffs<T7>, const T3 *, const T2 *, const T3 *, const T4 *, T2, int, int, const T5 *, T6 *, T3 *, T7 *)+0x4310 [8 hazards]
========= 
========= Warning: Race reported between Write access at void cusparse::csrmv_v3_kernel<std::integral_constant<bool, (bool)1>, int, int, double, double, double, double, void>(cusparse::KernelCoeffs<T7>, const T3 *, const T2 *, const T3 *, const T4 *, T2, int, int, const T5 *, T6 *, T3 *, T7 *)+0x42d0
=========     and Write access at void cusparse::csrmv_v3_kernel<std::integral_constant<bool, (bool)1>, int, int, double, double, double, double, void>(cusparse::KernelCoeffs<T7>, const T3 *, const T2 *, const T3 *, const T4 *, T2, int, int, const T5 *, T6 *, T3 *, T7 *)+0x4320 [16 hazards]
========= 
========= Error: Race reported between Write access at void cusparse::csrmv_v3_kernel<std::integral_constant<bool, (bool)1>, int, int, double, double, double, double, void>(cusparse::KernelCoeffs<T7>, const T3 *, const T2 *, const T3 *, const T4 *, T2, int, int, const T5 *, T6 *, T3 *, T7 *)+0x4310
=========     and Write access at void cusparse::csrmv_v3_kernel<std::integral_constant<bool, (bool)1>, int, int, double, double, double, double, void>(cusparse::KernelCoeffs<T7>, const T3 *, const T2 *, const T3 *, const T4 *, T2, int, int, const T5 *, T6 *, T3 *, T7 *)+0x4300 [8 hazards]
=========     and Write access at void cusparse::csrmv_v3_kernel<std::integral_constant<bool, (bool)1>, int, int, double, double, double, double, void>(cusparse::KernelCoeffs<T7>, const T3 *, const T2 *, const T3 *, const T4 *, T2, int, int, const T5 *, T6 *, T3 *, T7 *)+0x4310 [8 hazards]
========= 
========= Warning: Race reported between Write access at void cusparse::csrmv_v3_kernel<std::integral_constant<bool, (bool)1>, int, int, double, double, double, double, void>(cusparse::KernelCoeffs<T7>, const T3 *, const T2 *, const T3 *, const T4 *, T2, int, int, const T5 *, T6 *, T3 *, T7 *)+0x42d0
=========     and Write access at void cusparse::csrmv_v3_kernel<std::integral_constant<bool, (bool)1>, int, int, double, double, double, double, void>(cusparse::KernelCoeffs<T7>, const T3 *, const T2 *, const T3 *, const T4 *, T2, int, int, const T5 *, T6 *, T3 *, T7 *)+0x4320 [16 hazards]
========= 
========= Error: Race reported between Write access at void cusparse::csrmv_v3_kernel<std::integral_constant<bool, (bool)1>, int, int, double, double, double, double, void>(cusparse::KernelCoeffs<T7>, const T3 *, const T2 *, const T3 *, const T4 *, T2, int, int, const T5 *, T6 *, T3 *, T7 *)+0x4310
=========     and Write access at void cusparse::csrmv_v3_kernel<std::integral_constant<bool, (bool)1>, int, int, double, double, double, double, void>(cusparse::KernelCoeffs<T7>, const T3 *, const T2 *, const T3 *, const T4 *, T2, int, int, const T5 *, T6 *, T3 *, T7 *)+0x4300 [8 hazards]
=========     and Write access at void cusparse::csrmv_v3_kernel<std::integral_constant<bool, (bool)1>, int, int, double, double, double, double, void>(cusparse::KernelCoeffs<T7>, const T3 *, const T2 *, const T3 *, const T4 *, T2, int, int, const T5 *, T6 *, T3 *, T7 *)+0x4310 [8 hazards]
========= 
========= Warning: Race reported between Write access at void cusparse::csrmv_v3_kernel<std::integral_constant<bool, (bool)1>, int, int, double, double, double, double, void>(cusparse::KernelCoeffs<T7>, const T3 *, const T2 *, const T3 *, const T4 *, T2, int, int, const T5 *, T6 *, T3 *, T7 *)+0x42d0
=========     and Write access at void cusparse::csrmv_v3_kernel<std::integral_constant<bool, (bool)1>, int, int, double, double, double, double, void>(cusparse::KernelCoeffs<T7>, const T3 *, const T2 *, const T3 *, const T4 *, T2, int, int, const T5 *, T6 *, T3 *, T7 *)+0x4320 [16 hazards]
========= 
========= Error: Race reported between Write access at void cusparse::csrmv_v3_kernel<std::integral_constant<bool, (bool)1>, int, int, double, double, double, double, void>(cusparse::KernelCoeffs<T7>, const T3 *, const T2 *, const T3 *, const T4 *, T2, int, int, const T5 *, T6 *, T3 *, T7 *)+0x4310
=========     and Write access at void cusparse::csrmv_v3_kernel<std::integral_constant<bool, (bool)1>, int, int, double, double, double, double, void>(cusparse::KernelCoeffs<T7>, const T3 *, const T2 *, const T3 *, const T4 *, T2, int, int, const T5 *, T6 *, T3 *, T7 *)+0x4300 [8 hazards]
=========     and Write access at void cusparse::csrmv_v3_kernel<std::integral_constant<bool, (bool)1>, int, int, double, double, double, double, void>(cusparse::KernelCoeffs<T7>, const T3 *, const T2 *, const T3 *, const T4 *, T2, int, int, const T5 *, T6 *, T3 *, T7 *)+0x4310 [8 hazards]
========= 
========= Warning: Race reported between Write access at void cusparse::csrmv_v3_kernel<std::integral_constant<bool, (bool)1>, int, int, double, double, double, double, void>(cusparse::KernelCoeffs<T7>, const T3 *, const T2 *, const T3 *, const T4 *, T2, int, int, const T5 *, T6 *, T3 *, T7 *)+0x42d0
=========     and Write access at void cusparse::csrmv_v3_kernel<std::integral_constant<bool, (bool)1>, int, int, double, double, double, double, void>(cusparse::KernelCoeffs<T7>, const T3 *, const T2 *, const T3 *, const T4 *, T2, int, int, const T5 *, T6 *, T3 *, T7 *)+0x4320 [16 hazards]
========= 
========= Error: Race reported between Write access at void cusparse::csrmv_v3_kernel<std::integral_constant<bool, (bool)1>, int, int, double, double, double, double, void>(cusparse::KernelCoeffs<T7>, const T3 *, const T2 *, const T3 *, const T4 *, T2, int, int, const T5 *, T6 *, T3 *, T7 *)+0x4310
=========     and Write access at void cusparse::csrmv_v3_kernel<std::integral_constant<bool, (bool)1>, int, int, double, double, double, double, void>(cusparse::KernelCoeffs<T7>, const T3 *, const T2 *, const T3 *, const T4 *, T2, int, int, const T5 *, T6 *, T3 *, T7 *)+0x4300 [7 hazards]
=========     and Write access at void cusparse::csrmv_v3_kernel<std::integral_constant<bool, (bool)1>, int, int, double, double, double, double, void>(cusparse::KernelCoeffs<T7>, const T3 *, const T2 *, const T3 *, const T4 *, T2, int, int, const T5 *, T6 *, T3 *, T7 *)+0x4310 [7 hazards]
========= 
========= Warning: Race reported between Write access at void cusparse::csrmv_v3_kernel<std::integral_constant<bool, (bool)1>, int, int, double, double, double, double, void>(cusparse::KernelCoeffs<T7>, const T3 *, const T2 *, const T3 *, const T4 *, T2, int, int, const T5 *, T6 *, T3 *, T7 *)+0x42d0
=========     and Write access at void cusparse::csrmv_v3_kernel<std::integral_constant<bool, (bool)1>, int, int, double, double, double, double, void>(cusparse::KernelCoeffs<T7>, const T3 *, const T2 *, const T3 *, const T4 *, T2, int, int, const T5 *, T6 *, T3 *, T7 *)+0x4320 [16 hazards]
========= 
========= Error: Race reported between Write access at void cusparse::csrmv_v3_kernel<std::integral_constant<bool, (bool)1>, int, int, double, double, double, double, void>(cusparse::KernelCoeffs<T7>, const T3 *, const T2 *, const T3 *, const T4 *, T2, int, int, const T5 *, T6 *, T3 *, T7 *)+0x4310
=========     and Write access at void cusparse::csrmv_v3_kernel<std::integral_constant<bool, (bool)1>, int, int, double, double, double, double, void>(cusparse::KernelCoeffs<T7>, const T3 *, const T2 *, const T3 *, const T4 *, T2, int, int, const T5 *, T6 *, T3 *, T7 *)+0x4300 [8 hazards]
=========     and Write access at void cusparse::csrmv_v3_kernel<std::integral_constant<bool, (bool)1>, int, int, double, double, double, double, void>(cusparse::KernelCoeffs<T7>, const T3 *, const T2 *, const T3 *, const T4 *, T2, int, int, const T5 *, T6 *, T3 *, T7 *)+0x4310 [8 hazards]
========= 
========= Warning: Race reported between Write access at void cusparse::csrmv_v3_kernel<std::integral_constant<bool, (bool)1>, int, int, double, double, double, double, void>(cusparse::KernelCoeffs<T7>, const T3 *, const T2 *, const T3 *, const T4 *, T2, int, int, const T5 *, T6 *, T3 *, T7 *)+0x42d0
=========     and Write access at void cusparse::csrmv_v3_kernel<std::integral_constant<bool, (bool)1>, int, int, double, double, double, double, void>(cusparse::KernelCoeffs<T7>, const T3 *, const T2 *, const T3 *, const T4 *, T2, int, int, const T5 *, T6 *, T3 *, T7 *)+0x4320 [16 hazards]
========= 
========= Error: Race reported between Write access at void cusparse::csrmv_v3_kernel<std::integral_constant<bool, (bool)1>, int, int, double, double, double, double, void>(cusparse::KernelCoeffs<T7>, const T3 *, const T2 *, const T3 *, const T4 *, T2, int, int, const T5 *, T6 *, T3 *, T7 *)+0x4310
=========     and Write access at void cusparse::csrmv_v3_kernel<std::integral_constant<bool, (bool)1>, int, int, double, double, double, double, void>(cusparse::KernelCoeffs<T7>, const T3 *, const T2 *, const T3 *, const T4 *, T2, int, int, const T5 *, T6 *, T3 *, T7 *)+0x4300 [8 hazards]
=========     and Write access at void cusparse::csrmv_v3_kernel<std::integral_constant<bool, (bool)1>, int, int, double, double, double, double, void>(cusparse::KernelCoeffs<T7>, const T3 *, const T2 *, const T3 *, const T4 *, T2, int, int, const T5 *, T6 *, T3 *, T7 *)+0x4310 [8 hazards]
========= 
========= Warning: Race reported between Write access at void cusparse::csrmv_v3_kernel<std::integral_constant<bool, (bool)1>, int, int, double, double, double, double, void>(cusparse::KernelCoeffs<T7>, const T3 *, const T2 *, const T3 *, const T4 *, T2, int, int, const T5 *, T6 *, T3 *, T7 *)+0x42d0
=========     and Write access at void cusparse::csrmv_v3_kernel<std::integral_constant<bool, (bool)1>, int, int, double, double, double, double, void>(cusparse::KernelCoeffs<T7>, const T3 *, const T2 *, const T3 *, const T4 *, T2, int, int, const T5 *, T6 *, T3 *, T7 *)+0x4320 [16 hazards]
========= 
========= Error: Race reported between Write access at void cusparse::csrmv_v3_kernel<std::integral_constant<bool, (bool)1>, int, int, double, double, double, double, void>(cusparse::KernelCoeffs<T7>, const T3 *, const T2 *, const T3 *, const T4 *, T2, int, int, const T5 *, T6 *, T3 *, T7 *)+0x4310
=========     and Write access at void cusparse::csrmv_v3_kernel<std::integral_constant<bool, (bool)1>, int, int, double, double, double, double, void>(cusparse::KernelCoeffs<T7>, const T3 *, const T2 *, const T3 *, const T4 *, T2, int, int, const T5 *, T6 *, T3 *, T7 *)+0x4300 [8 hazards]
=========     and Write access at void cusparse::csrmv_v3_kernel<std::integral_constant<bool, (bool)1>, int, int, double, double, double, double, void>(cusparse::KernelCoeffs<T7>, const T3 *, const T2 *, const T3 *, const T4 *, T2, int, int, const T5 *, T6 *, T3 *, T7 *)+0x4310 [8 hazards]
========= 
========= Warning: Race reported between Write access at void cusparse::csrmv_v3_kernel<std::integral_constant<bool, (bool)1>, int, int, double, double, double, double, void>(cusparse::KernelCoeffs<T7>, const T3 *, const T2 *, const T3 *, const T4 *, T2, int, int, const T5 *, T6 *, T3 *, T7 *)+0x42d0
=========     and Write access at void cusparse::csrmv_v3_kernel<std::integral_constant<bool, (bool)1>, int, int, double, double, double, double, void>(cusparse::KernelCoeffs<T7>, const T3 *, const T2 *, const T3 *, const T4 *, T2, int, int, const T5 *, T6 *, T3 *, T7 *)+0x4320 [16 hazards]
========= 
========= Error: Race reported between Write access at void cusparse::csrmv_v3_kernel<std::integral_constant<bool, (bool)1>, int, int, double, double, double, double, void>(cusparse::KernelCoeffs<T7>, const T3 *, const T2 *, const T3 *, const T4 *, T2, int, int, const T5 *, T6 *, T3 *, T7 *)+0x4310
=========     and Write access at void cusparse::csrmv_v3_kernel<std::integral_constant<bool, (bool)1>, int, int, double, double, double, double, void>(cusparse::KernelCoeffs<T7>, const T3 *, const T2 *, const T3 *, const T4 *, T2, int, int, const T5 *, T6 *, T3 *, T7 *)+0x4300 [8 hazards]
=========     and Write access at void cusparse::csrmv_v3_kernel<std::integral_constant<bool, (bool)1>, int, int, double, double, double, double, void>(cusparse::KernelCoeffs<T7>, const T3 *, const T2 *, const T3 *, const T4 *, T2, int, int, const T5 *, T6 *, T3 *, T7 *)+0x4310 [8 hazards]
========= 
========= Error: Race reported between Write access at void cusparse::csrmv_v3_kernel<std::integral_constant<bool, (bool)1>, int, int, double, double, double, double, void>(cusparse::KernelCoeffs<T7>, const T3 *, const T2 *, const T3 *, const T4 *, T2, int, int, const T5 *, T6 *, T3 *, T7 *)+0x4310
=========     and Write access at void cusparse::csrmv_v3_kernel<std::integral_constant<bool, (bool)1>, int, int, double, double, double, double, void>(cusparse::KernelCoeffs<T7>, const T3 *, const T2 *, const T3 *, const T4 *, T2, int, int, const T5 *, T6 *, T3 *, T7 *)+0x4300 [8 hazards]
=========     and Write access at void cusparse::csrmv_v3_kernel<std::integral_constant<bool, (bool)1>, int, int, double, double, double, double, void>(cusparse::KernelCoeffs<T7>, const T3 *, const T2 *, const T3 *, const T4 *, T2, int, int, const T5 *, T6 *, T3 *, T7 *)+0x4310 [8 hazards]
========= 
========= Error: Race reported between Write access at void cusparse::csrmv_v3_kernel<std::integral_constant<bool, (bool)1>, int, int, double, double, double, double, void>(cusparse::KernelCoeffs<T7>, const T3 *, const T2 *, const T3 *, const T4 *, T2, int, int, const T5 *, T6 *, T3 *, T7 *)+0x4310
=========     and Write access at void cusparse::csrmv_v3_kernel<std::integral_constant<bool, (bool)1>, int, int, double, double, double, double, void>(cusparse::KernelCoeffs<T7>, const T3 *, const T2 *, const T3 *, const T4 *, T2, int, int, const T5 *, T6 *, T3 *, T7 *)+0x4300 [8 hazards]
=========     and Write access at void cusparse::csrmv_v3_kernel<std::integral_constant<bool, (bool)1>, int, int, double, double, double, double, void>(cusparse::KernelCoeffs<T7>, const T3 *, const T2 *, const T3 *, const T4 *, T2, int, int, const T5 *, T6 *, T3 *, T7 *)+0x4310 [8 hazards]
========= 
========= Warning: Race reported between Write access at void cusparse::csrmv_v3_kernel<std::integral_constant<bool, (bool)1>, int, int, double, double, double, double, void>(cusparse::KernelCoeffs<T7>, const T3 *, const T2 *, const T3 *, const T4 *, T2, int, int, const T5 *, T6 *, T3 *, T7 *)+0x42d0
=========     and Write access at void cusparse::csrmv_v3_kernel<std::integral_constant<bool, (bool)1>, int, int, double, double, double, double, void>(cusparse::KernelCoeffs<T7>, const T3 *, const T2 *, const T3 *, const T4 *, T2, int, int, const T5 *, T6 *, T3 *, T7 *)+0x4320 [14 hazards]
========= 
========= Error: Race reported between Write access at void cusparse::csrmv_v3_kernel<std::integral_constant<bool, (bool)1>, int, int, double, double, double, double, void>(cusparse::KernelCoeffs<T7>, const T3 *, const T2 *, const T3 *, const T4 *, T2, int, int, const T5 *, T6 *, T3 *, T7 *)+0x4310
=========     and Write access at void cusparse::csrmv_v3_kernel<std::integral_constant<bool, (bool)1>, int, int, double, double, double, double, void>(cusparse::KernelCoeffs<T7>, const T3 *, const T2 *, const T3 *, const T4 *, T2, int, int, const T5 *, T6 *, T3 *, T7 *)+0x4300 [8 hazards]
=========     and Write access at void cusparse::csrmv_v3_kernel<std::integral_constant<bool, (bool)1>, int, int, double, double, double, double, void>(cusparse::KernelCoeffs<T7>, const T3 *, const T2 *, const T3 *, const T4 *, T2, int, int, const T5 *, T6 *, T3 *, T7 *)+0x4310 [8 hazards]
========= 
========= Warning: Race reported between Write access at void cusparse::csrmv_v3_kernel<std::integral_constant<bool, (bool)1>, int, int, double, double, double, double, void>(cusparse::KernelCoeffs<T7>, const T3 *, const T2 *, const T3 *, const T4 *, T2, int, int, const T5 *, T6 *, T3 *, T7 *)+0x42d0
=========     and Write access at void cusparse::csrmv_v3_kernel<std::integral_constant<bool, (bool)1>, int, int, double, double, double, double, void>(cusparse::KernelCoeffs<T7>, const T3 *, const T2 *, const T3 *, const T4 *, T2, int, int, const T5 *, T6 *, T3 *, T7 *)+0x4320 [14 hazards]
========= 
========= Error: Race reported between Write access at void cusparse::csrmv_v3_kernel<std::integral_constant<bool, (bool)1>, int, int, double, double, double, double, void>(cusparse::KernelCoeffs<T7>, const T3 *, const T2 *, const T3 *, const T4 *, T2, int, int, const T5 *, T6 *, T3 *, T7 *)+0x4310
=========     and Write access at void cusparse::csrmv_v3_kernel<std::integral_constant<bool, (bool)1>, int, int, double, double, double, double, void>(cusparse::KernelCoeffs<T7>, const T3 *, const T2 *, const T3 *, const T4 *, T2, int, int, const T5 *, T6 *, T3 *, T7 *)+0x4300 [8 hazards]
=========     and Write access at void cusparse::csrmv_v3_kernel<std::integral_constant<bool, (bool)1>, int, int, double, double, double, double, void>(cusparse::KernelCoeffs<T7>, const T3 *, const T2 *, const T3 *, const T4 *, T2, int, int, const T5 *, T6 *, T3 *, T7 *)+0x4310 [8 hazards]
========= 
========= Warning: Race reported between Write access at void cusparse::csrmv_v3_kernel<std::integral_constant<bool, (bool)1>, int, int, double, double, double, double, void>(cusparse::KernelCoeffs<T7>, const T3 *, const T2 *, const T3 *, const T4 *, T2, int, int, const T5 *, T6 *, T3 *, T7 *)+0x42d0
=========     and Write access at void cusparse::csrmv_v3_kernel<std::integral_constant<bool, (bool)1>, int, int, double, double, double, double, void>(cusparse::KernelCoeffs<T7>, const T3 *, const T2 *, const T3 *, const T4 *, T2, int, int, const T5 *, T6 *, T3 *, T7 *)+0x4320 [14 hazards]
========= 
========= Error: Race reported between Write access at void cusparse::csrmv_v3_kernel<std::integral_constant<bool, (bool)1>, int, int, double, double, double, double, void>(cusparse::KernelCoeffs<T7>, const T3 *, const T2 *, const T3 *, const T4 *, T2, int, int, const T5 *, T6 *, T3 *, T7 *)+0x4310
=========     and Write access at void cusparse::csrmv_v3_kernel<std::integral_constant<bool, (bool)1>, int, int, double, double, double, double, void>(cusparse::KernelCoeffs<T7>, const T3 *, const T2 *, const T3 *, const T4 *, T2, int, int, const T5 *, T6 *, T3 *, T7 *)+0x4300 [8 hazards]
=========     and Write access at void cusparse::csrmv_v3_kernel<std::integral_constant<bool, (bool)1>, int, int, double, double, double, double, void>(cusparse::KernelCoeffs<T7>, const T3 *, const T2 *, const T3 *, const T4 *, T2, int, int, const T5 *, T6 *, T3 *, T7 *)+0x4310 [8 hazards]
========= 
========= Warning: Race reported between Write access at void cusparse::csrmv_v3_kernel<std::integral_constant<bool, (bool)1>, int, int, double, double, double, double, void>(cusparse::KernelCoeffs<T7>, const T3 *, const T2 *, const T3 *, const T4 *, T2, int, int, const T5 *, T6 *, T3 *, T7 *)+0x42d0
=========     and Write access at void cusparse::csrmv_v3_kernel<std::integral_constant<bool, (bool)1>, int, int, double, double, double, double, void>(cusparse::KernelCoeffs<T7>, const T3 *, const T2 *, const T3 *, const T4 *, T2, int, int, const T5 *, T6 *, T3 *, T7 *)+0x4320 [14 hazards]
========= 
========= Error: Race reported between Write access at void cusparse::csrmv_v3_kernel<std::integral_constant<bool, (bool)1>, int, int, double, double, double, double, void>(cusparse::KernelCoeffs<T7>, const T3 *, const T2 *, const T3 *, const T4 *, T2, int, int, const T5 *, T6 *, T3 *, T7 *)+0x4310
=========     and Write access at void cusparse::csrmv_v3_kernel<std::integral_constant<bool, (bool)1>, int, int, double, double, double, double, void>(cusparse::KernelCoeffs<T7>, const T3 *, const T2 *, const T3 *, const T4 *, T2, int, int, const T5 *, T6 *, T3 *, T7 *)+0x4300 [8 hazards]
=========     and Write access at void cusparse::csrmv_v3_kernel<std::integral_constant<bool, (bool)1>, int, int, double, double, double, double, void>(cusparse::KernelCoeffs<T7>, const T3 *, const T2 *, const T3 *, const T4 *, T2, int, int, const T5 *, T6 *, T3 *, T7 *)+0x4310 [8 hazards]
========= 
========= Warning: Race reported between Write access at void cusparse::csrmv_v3_kernel<std::integral_constant<bool, (bool)1>, int, int, double, double, double, double, void>(cusparse::KernelCoeffs<T7>, const T3 *, const T2 *, const T3 *, const T4 *, T2, int, int, const T5 *, T6 *, T3 *, T7 *)+0x42d0
=========     and Write access at void cusparse::csrmv_v3_kernel<std::integral_constant<bool, (bool)1>, int, int, double, double, double, double, void>(cusparse::KernelCoeffs<T7>, const T3 *, const T2 *, const T3 *, const T4 *, T2, int, int, const T5 *, T6 *, T3 *, T7 *)+0x4320 [14 hazards]
========= 
========= Error: Race reported between Write access at void cusparse::csrmv_v3_kernel<std::integral_constant<bool, (bool)1>, int, int, double, double, double, double, void>(cusparse::KernelCoeffs<T7>, const T3 *, const T2 *, const T3 *, const T4 *, T2, int, int, const T5 *, T6 *, T3 *, T7 *)+0x4310
=========     and Write access at void cusparse::csrmv_v3_kernel<std::integral_constant<bool, (bool)1>, int, int, double, double, double, double, void>(cusparse::KernelCoeffs<T7>, const T3 *, const T2 *, const T3 *, const T4 *, T2, int, int, const T5 *, T6 *, T3 *, T7 *)+0x4300 [8 hazards]
=========     and Write access at void cusparse::csrmv_v3_kernel<std::integral_constant<bool, (bool)1>, int, int, double, double, double, double, void>(cusparse::KernelCoeffs<T7>, const T3 *, const T2 *, const T3 *, const T4 *, T2, int, int, const T5 *, T6 *, T3 *, T7 *)+0x4310 [8 hazards]
========= 
========= Warning: Race reported between Write access at void cusparse::csrmv_v3_kernel<std::integral_constant<bool, (bool)1>, int, int, double, double, double, double, void>(cusparse::KernelCoeffs<T7>, const T3 *, const T2 *, const T3 *, const T4 *, T2, int, int, const T5 *, T6 *, T3 *, T7 *)+0x42d0
=========     and Write access at void cusparse::csrmv_v3_kernel<std::integral_constant<bool, (bool)1>, int, int, double, double, double, double, void>(cusparse::KernelCoeffs<T7>, const T3 *, const T2 *, const T3 *, const T4 *, T2, int, int, const T5 *, T6 *, T3 *, T7 *)+0x4320 [13 hazards]
========= 
========= Error: Race reported between Write access at void cusparse::csrmv_v3_kernel<std::integral_constant<bool, (bool)1>, int, int, double, double, double, double, void>(cusparse::KernelCoeffs<T7>, const T3 *, const T2 *, const T3 *, const T4 *, T2, int, int, const T5 *, T6 *, T3 *, T7 *)+0x4310
=========     and Write access at void cusparse::csrmv_v3_kernel<std::integral_constant<bool, (bool)1>, int, int, double, double, double, double, void>(cusparse::KernelCoeffs<T7>, const T3 *, const T2 *, const T3 *, const T4 *, T2, int, int, const T5 *, T6 *, T3 *, T7 *)+0x4300 [8 hazards]
=========     and Write access at void cusparse::csrmv_v3_kernel<std::integral_constant<bool, (bool)1>, int, int, double, double, double, double, void>(cusparse::KernelCoeffs<T7>, const T3 *, const T2 *, const T3 *, const T4 *, T2, int, int, const T5 *, T6 *, T3 *, T7 *)+0x4310 [8 hazards]
========= 
========= Warning: Race reported between Write access at void cusparse::csrmv_v3_kernel<std::integral_constant<bool, (bool)1>, int, int, double, double, double, double, void>(cusparse::KernelCoeffs<T7>, const T3 *, const T2 *, const T3 *, const T4 *, T2, int, int, const T5 *, T6 *, T3 *, T7 *)+0x42d0
=========     and Write access at void cusparse::csrmv_v3_kernel<std::integral_constant<bool, (bool)1>, int, int, double, double, double, double, void>(cusparse::KernelCoeffs<T7>, const T3 *, const T2 *, const T3 *, const T4 *, T2, int, int, const T5 *, T6 *, T3 *, T7 *)+0x4320 [13 hazards]
========= 
========= Error: Race reported between Write access at void cusparse::csrmv_v3_kernel<std::integral_constant<bool, (bool)1>, int, int, double, double, double, double, void>(cusparse::KernelCoeffs<T7>, const T3 *, const T2 *, const T3 *, const T4 *, T2, int, int, const T5 *, T6 *, T3 *, T7 *)+0x4310
=========     and Write access at void cusparse::csrmv_v3_kernel<std::integral_constant<bool, (bool)1>, int, int, double, double, double, double, void>(cusparse::KernelCoeffs<T7>, const T3 *, const T2 *, const T3 *, const T4 *, T2, int, int, const T5 *, T6 *, T3 *, T7 *)+0x4300 [8 hazards]
=========     and Write access at void cusparse::csrmv_v3_kernel<std::integral_constant<bool, (bool)1>, int, int, double, double, double, double, void>(cusparse::KernelCoeffs<T7>, const T3 *, const T2 *, const T3 *, const T4 *, T2, int, int, const T5 *, T6 *, T3 *, T7 *)+0x4310 [8 hazards]
========= 
========= Warning: Race reported between Write access at void cusparse::csrmv_v3_kernel<std::integral_constant<bool, (bool)1>, int, int, double, double, double, double, void>(cusparse::KernelCoeffs<T7>, const T3 *, const T2 *, const T3 *, const T4 *, T2, int, int, const T5 *, T6 *, T3 *, T7 *)+0x42d0
=========     and Write access at void cusparse::csrmv_v3_kernel<std::integral_constant<bool, (bool)1>, int, int, double, double, double, double, void>(cusparse::KernelCoeffs<T7>, const T3 *, const T2 *, const T3 *, const T4 *, T2, int, int, const T5 *, T6 *, T3 *, T7 *)+0x4320 [14 hazards]
========= 
========= Error: Race reported between Write access at void cusparse::csrmv_v3_kernel<std::integral_constant<bool, (bool)1>, int, int, double, double, double, double, void>(cusparse::KernelCoeffs<T7>, const T3 *, const T2 *, const T3 *, const T4 *, T2, int, int, const T5 *, T6 *, T3 *, T7 *)+0x4310
=========     and Write access at void cusparse::csrmv_v3_kernel<std::integral_constant<bool, (bool)1>, int, int, double, double, double, double, void>(cusparse::KernelCoeffs<T7>, const T3 *, const T2 *, const T3 *, const T4 *, T2, int, int, const T5 *, T6 *, T3 *, T7 *)+0x4300 [8 hazards]
=========     and Write access at void cusparse::csrmv_v3_kernel<std::integral_constant<bool, (bool)1>, int, int, double, double, double, double, void>(cusparse::KernelCoeffs<T7>, const T3 *, const T2 *, const T3 *, const T4 *, T2, int, int, const T5 *, T6 *, T3 *, T7 *)+0x4310 [8 hazards]
========= 
========= Warning: Race reported between Write access at void cusparse::csrmv_v3_kernel<std::integral_constant<bool, (bool)1>, int, int, double, double, double, double, void>(cusparse::KernelCoeffs<T7>, const T3 *, const T2 *, const T3 *, const T4 *, T2, int, int, const T5 *, T6 *, T3 *, T7 *)+0x42d0
=========     and Write access at void cusparse::csrmv_v3_kernel<std::integral_constant<bool, (bool)1>, int, int, double, double, double, double, void>(cusparse::KernelCoeffs<T7>, const T3 *, const T2 *, const T3 *, const T4 *, T2, int, int, const T5 *, T6 *, T3 *, T7 *)+0x4320 [14 hazards]
========= 
========= Error: Race reported between Write access at void cusparse::csrmv_v3_kernel<std::integral_constant<bool, (bool)1>, int, int, double, double, double, double, void>(cusparse::KernelCoeffs<T7>, const T3 *, const T2 *, const T3 *, const T4 *, T2, int, int, const T5 *, T6 *, T3 *, T7 *)+0x4310
=========     and Write access at void cusparse::csrmv_v3_kernel<std::integral_constant<bool, (bool)1>, int, int, double, double, double, double, void>(cusparse::KernelCoeffs<T7>, const T3 *, const T2 *, const T3 *, const T4 *, T2, int, int, const T5 *, T6 *, T3 *, T7 *)+0x4300 [8 hazards]
=========     and Write access at void cusparse::csrmv_v3_kernel<std::integral_constant<bool, (bool)1>, int, int, double, double, double, double, void>(cusparse::KernelCoeffs<T7>, const T3 *, const T2 *, const T3 *, const T4 *, T2, int, int, const T5 *, T6 *, T3 *, T7 *)+0x4310 [8 hazards]
========= 
========= Warning: Race reported between Write access at void cusparse::csrmv_v3_kernel<std::integral_constant<bool, (bool)1>, int, int, double, double, double, double, void>(cusparse::KernelCoeffs<T7>, const T3 *, const T2 *, const T3 *, const T4 *, T2, int, int, const T5 *, T6 *, T3 *, T7 *)+0x42d0
=========     and Write access at void cusparse::csrmv_v3_kernel<std::integral_constant<bool, (bool)1>, int, int, double, double, double, double, void>(cusparse::KernelCoeffs<T7>, const T3 *, const T2 *, const T3 *, const T4 *, T2, int, int, const T5 *, T6 *, T3 *, T7 *)+0x4320 [14 hazards]
========= 
========= Warning: Race reported between Write access at void cusparse::csrmv_v3_kernel<std::integral_constant<bool, (bool)1>, int, int, double, double, double, double, void>(cusparse::KernelCoeffs<T7>, const T3 *, const T2 *, const T3 *, const T4 *, T2, int, int, const T5 *, T6 *, T3 *, T7 *)+0x42d0
=========     and Write access at void cusparse::csrmv_v3_kernel<std::integral_constant<bool, (bool)1>, int, int, double, double, double, double, void>(cusparse::KernelCoeffs<T7>, const T3 *, const T2 *, const T3 *, const T4 *, T2, int, int, const T5 *, T6 *, T3 *, T7 *)+0x4320 [16 hazards]
========= 
========= Error: Race reported between Write access at void cusparse::csrmv_v3_kernel<std::integral_constant<bool, (bool)1>, int, int, double, double, double, double, void>(cusparse::KernelCoeffs<T7>, const T3 *, const T2 *, const T3 *, const T4 *, T2, int, int, const T5 *, T6 *, T3 *, T7 *)+0x4310
=========     and Write access at void cusparse::csrmv_v3_kernel<std::integral_constant<bool, (bool)1>, int, int, double, double, double, double, void>(cusparse::KernelCoeffs<T7>, const T3 *, const T2 *, const T3 *, const T4 *, T2, int, int, const T5 *, T6 *, T3 *, T7 *)+0x4300 [8 hazards]
=========     and Write access at void cusparse::csrmv_v3_kernel<std::integral_constant<bool, (bool)1>, int, int, double, double, double, double, void>(cusparse::KernelCoeffs<T7>, const T3 *, const T2 *, const T3 *, const T4 *, T2, int, int, const T5 *, T6 *, T3 *, T7 *)+0x4310 [8 hazards]
========= 
========= Warning: Race reported between Write access at void cusparse::csrmv_v3_kernel<std::integral_constant<bool, (bool)1>, int, int, double, double, double, double, void>(cusparse::KernelCoeffs<T7>, const T3 *, const T2 *, const T3 *, const T4 *, T2, int, int, const T5 *, T6 *, T3 *, T7 *)+0x42d0
=========     and Write access at void cusparse::csrmv_v3_kernel<std::integral_constant<bool, (bool)1>, int, int, double, double, double, double, void>(cusparse::KernelCoeffs<T7>, const T3 *, const T2 *, const T3 *, const T4 *, T2, int, int, const T5 *, T6 *, T3 *, T7 *)+0x4320 [16 hazards]
========= 
========= Error: Race reported between Write access at void cusparse::csrmv_v3_kernel<std::integral_constant<bool, (bool)1>, int, int, double, double, double, double, void>(cusparse::KernelCoeffs<T7>, const T3 *, const T2 *, const T3 *, const T4 *, T2, int, int, const T5 *, T6 *, T3 *, T7 *)+0x4310
=========     and Write access at void cusparse::csrmv_v3_kernel<std::integral_constant<bool, (bool)1>, int, int, double, double, double, double, void>(cusparse::KernelCoeffs<T7>, const T3 *, const T2 *, const T3 *, const T4 *, T2, int, int, const T5 *, T6 *, T3 *, T7 *)+0x4300 [8 hazards]
=========     and Write access at void cusparse::csrmv_v3_kernel<std::integral_constant<bool, (bool)1>, int, int, double, double, double, double, void>(cusparse::KernelCoeffs<T7>, const T3 *, const T2 *, const T3 *, const T4 *, T2, int, int, const T5 *, T6 *, T3 *, T7 *)+0x4310 [8 hazards]
========= 
========= Error: Race reported between Write access at void cusparse::csrmv_v3_kernel<std::integral_constant<bool, (bool)1>, int, int, double, double, double, double, void>(cusparse::KernelCoeffs<T7>, const T3 *, const T2 *, const T3 *, const T4 *, T2, int, int, const T5 *, T6 *, T3 *, T7 *)+0x4310
=========     and Write access at void cusparse::csrmv_v3_kernel<std::integral_constant<bool, (bool)1>, int, int, double, double, double, double, void>(cusparse::KernelCoeffs<T7>, const T3 *, const T2 *, const T3 *, const T4 *, T2, int, int, const T5 *, T6 *, T3 *, T7 *)+0x4300 [8 hazards]
=========     and Write access at void cusparse::csrmv_v3_kernel<std::integral_constant<bool, (bool)1>, int, int, double, double, double, double, void>(cusparse::KernelCoeffs<T7>, const T3 *, const T2 *, const T3 *, const T4 *, T2, int, int, const T5 *, T6 *, T3 *, T7 *)+0x4310 [8 hazards]
========= 
========= Warning: Race reported between Write access at void cusparse::csrmv_v3_kernel<std::integral_constant<bool, (bool)1>, int, int, double, double, double, double, void>(cusparse::KernelCoeffs<T7>, const T3 *, const T2 *, const T3 *, const T4 *, T2, int, int, const T5 *, T6 *, T3 *, T7 *)+0x42d0
=========     and Write access at void cusparse::csrmv_v3_kernel<std::integral_constant<bool, (bool)1>, int, int, double, double, double, double, void>(cusparse::KernelCoeffs<T7>, const T3 *, const T2 *, const T3 *, const T4 *, T2, int, int, const T5 *, T6 *, T3 *, T7 *)+0x4320 [14 hazards]
========= 
========= Error: Race reported between Write access at void cusparse::csrmv_v3_kernel<std::integral_constant<bool, (bool)1>, int, int, double, double, double, double, void>(cusparse::KernelCoeffs<T7>, const T3 *, const T2 *, const T3 *, const T4 *, T2, int, int, const T5 *, T6 *, T3 *, T7 *)+0x4310
=========     and Write access at void cusparse::csrmv_v3_kernel<std::integral_constant<bool, (bool)1>, int, int, double, double, double, double, void>(cusparse::KernelCoeffs<T7>, const T3 *, const T2 *, const T3 *, const T4 *, T2, int, int, const T5 *, T6 *, T3 *, T7 *)+0x4300 [8 hazards]
=========     and Write access at void cusparse::csrmv_v3_kernel<std::integral_constant<bool, (bool)1>, int, int, double, double, double, double, void>(cusparse::KernelCoeffs<T7>, const T3 *, const T2 *, const T3 *, const T4 *, T2, int, int, const T5 *, T6 *, T3 *, T7 *)+0x4310 [8 hazards]
========= 
========= Warning: Race reported between Write access at void cusparse::csrmv_v3_kernel<std::integral_constant<bool, (bool)1>, int, int, double, double, double, double, void>(cusparse::KernelCoeffs<T7>, const T3 *, const T2 *, const T3 *, const T4 *, T2, int, int, const T5 *, T6 *, T3 *, T7 *)+0x42d0
=========     and Write access at void cusparse::csrmv_v3_kernel<std::integral_constant<bool, (bool)1>, int, int, double, double, double, double, void>(cusparse::KernelCoeffs<T7>, const T3 *, const T2 *, const T3 *, const T4 *, T2, int, int, const T5 *, T6 *, T3 *, T7 *)+0x4320 [14 hazards]
========= 
========= Error: Race reported between Write access at void cusparse::csrmv_v3_kernel<std::integral_constant<bool, (bool)1>, int, int, double, double, double, double, void>(cusparse::KernelCoeffs<T7>, const T3 *, const T2 *, const T3 *, const T4 *, T2, int, int, const T5 *, T6 *, T3 *, T7 *)+0x4310
=========     and Write access at void cusparse::csrmv_v3_kernel<std::integral_constant<bool, (bool)1>, int, int, double, double, double, double, void>(cusparse::KernelCoeffs<T7>, const T3 *, const T2 *, const T3 *, const T4 *, T2, int, int, const T5 *, T6 *, T3 *, T7 *)+0x4300 [8 hazards]
=========     and Write access at void cusparse::csrmv_v3_kernel<std::integral_constant<bool, (bool)1>, int, int, double, double, double, double, void>(cusparse::KernelCoeffs<T7>, const T3 *, const T2 *, const T3 *, const T4 *, T2, int, int, const T5 *, T6 *, T3 *, T7 *)+0x4310 [8 hazards]
========= 
========= Warning: Race reported between Write access at void cusparse::csrmv_v3_kernel<std::integral_constant<bool, (bool)1>, int, int, double, double, double, double, void>(cusparse::KernelCoeffs<T7>, const T3 *, const T2 *, const T3 *, const T4 *, T2, int, int, const T5 *, T6 *, T3 *, T7 *)+0x42d0
=========     and Write access at void cusparse::csrmv_v3_kernel<std::integral_constant<bool, (bool)1>, int, int, double, double, double, double, void>(cusparse::KernelCoeffs<T7>, const T3 *, const T2 *, const T3 *, const T4 *, T2, int, int, const T5 *, T6 *, T3 *, T7 *)+0x4320 [14 hazards]
========= 
========= Error: Race reported between Write access at void cusparse::csrmv_v3_kernel<std::integral_constant<bool, (bool)1>, int, int, double, double, double, double, void>(cusparse::KernelCoeffs<T7>, const T3 *, const T2 *, const T3 *, const T4 *, T2, int, int, const T5 *, T6 *, T3 *, T7 *)+0x4310
=========     and Write access at void cusparse::csrmv_v3_kernel<std::integral_constant<bool, (bool)1>, int, int, double, double, double, double, void>(cusparse::KernelCoeffs<T7>, const T3 *, const T2 *, const T3 *, const T4 *, T2, int, int, const T5 *, T6 *, T3 *, T7 *)+0x4300 [8 hazards]
=========     and Write access at void cusparse::csrmv_v3_kernel<std::integral_constant<bool, (bool)1>, int, int, double, double, double, double, void>(cusparse::KernelCoeffs<T7>, const T3 *, const T2 *, const T3 *, const T4 *, T2, int, int, const T5 *, T6 *, T3 *, T7 *)+0x4310 [8 hazards]
========= 
========= Warning: Race reported between Write access at void cusparse::csrmv_v3_kernel<std::integral_constant<bool, (bool)1>, int, int, double, double, double, double, void>(cusparse::KernelCoeffs<T7>, const T3 *, const T2 *, const T3 *, const T4 *, T2, int, int, const T5 *, T6 *, T3 *, T7 *)+0x42d0
=========     and Write access at void cusparse::csrmv_v3_kernel<std::integral_constant<bool, (bool)1>, int, int, double, double, double, double, void>(cusparse::KernelCoeffs<T7>, const T3 *, const T2 *, const T3 *, const T4 *, T2, int, int, const T5 *, T6 *, T3 *, T7 *)+0x4320 [14 hazards]
========= 
========= Error: Race reported between Write access at void cusparse::csrmv_v3_kernel<std::integral_constant<bool, (bool)1>, int, int, double, double, double, double, void>(cusparse::KernelCoeffs<T7>, const T3 *, const T2 *, const T3 *, const T4 *, T2, int, int, const T5 *, T6 *, T3 *, T7 *)+0x4310
=========     and Write access at void cusparse::csrmv_v3_kernel<std::integral_constant<bool, (bool)1>, int, int, double, double, double, double, void>(cusparse::KernelCoeffs<T7>, const T3 *, const T2 *, const T3 *, const T4 *, T2, int, int, const T5 *, T6 *, T3 *, T7 *)+0x4300 [8 hazards]
=========     and Write access at void cusparse::csrmv_v3_kernel<std::integral_constant<bool, (bool)1>, int, int, double, double, double, double, void>(cusparse::KernelCoeffs<T7>, const T3 *, const T2 *, const T3 *, const T4 *, T2, int, int, const T5 *, T6 *, T3 *, T7 *)+0x4310 [8 hazards]
========= 
========= Warning: Race reported between Write access at void cusparse::csrmv_v3_kernel<std::integral_constant<bool, (bool)1>, int, int, double, double, double, double, void>(cusparse::KernelCoeffs<T7>, const T3 *, const T2 *, const T3 *, const T4 *, T2, int, int, const T5 *, T6 *, T3 *, T7 *)+0x42d0
=========     and Write access at void cusparse::csrmv_v3_kernel<std::integral_constant<bool, (bool)1>, int, int, double, double, double, double, void>(cusparse::KernelCoeffs<T7>, const T3 *, const T2 *, const T3 *, const T4 *, T2, int, int, const T5 *, T6 *, T3 *, T7 *)+0x4320 [14 hazards]
========= 
========= Error: Race reported between Write access at void cusparse::csrmv_v3_kernel<std::integral_constant<bool, (bool)1>, int, int, double, double, double, double, void>(cusparse::KernelCoeffs<T7>, const T3 *, const T2 *, const T3 *, const T4 *, T2, int, int, const T5 *, T6 *, T3 *, T7 *)+0x4310
=========     and Write access at void cusparse::csrmv_v3_kernel<std::integral_constant<bool, (bool)1>, int, int, double, double, double, double, void>(cusparse::KernelCoeffs<T7>, const T3 *, const T2 *, const T3 *, const T4 *, T2, int, int, const T5 *, T6 *, T3 *, T7 *)+0x4300 [8 hazards]
=========     and Write access at void cusparse::csrmv_v3_kernel<std::integral_constant<bool, (bool)1>, int, int, double, double, double, double, void>(cusparse::KernelCoeffs<T7>, const T3 *, const T2 *, const T3 *, const T4 *, T2, int, int, const T5 *, T6 *, T3 *, T7 *)+0x4310 [8 hazards]
========= 
========= Warning: Race reported between Write access at void cusparse::csrmv_v3_kernel<std::integral_constant<bool, (bool)1>, int, int, double, double, double, double, void>(cusparse::KernelCoeffs<T7>, const T3 *, const T2 *, const T3 *, const T4 *, T2, int, int, const T5 *, T6 *, T3 *, T7 *)+0x42d0
=========     and Write access at void cusparse::csrmv_v3_kernel<std::integral_constant<bool, (bool)1>, int, int, double, double, double, double, void>(cusparse::KernelCoeffs<T7>, const T3 *, const T2 *, const T3 *, const T4 *, T2, int, int, const T5 *, T6 *, T3 *, T7 *)+0x4320 [14 hazards]
========= 
========= Error: Race reported between Write access at void cusparse::csrmv_v3_kernel<std::integral_constant<bool, (bool)1>, int, int, double, double, double, double, void>(cusparse::KernelCoeffs<T7>, const T3 *, const T2 *, const T3 *, const T4 *, T2, int, int, const T5 *, T6 *, T3 *, T7 *)+0x4310
=========     and Write access at void cusparse::csrmv_v3_kernel<std::integral_constant<bool, (bool)1>, int, int, double, double, double, double, void>(cusparse::KernelCoeffs<T7>, const T3 *, const T2 *, const T3 *, const T4 *, T2, int, int, const T5 *, T6 *, T3 *, T7 *)+0x4300 [8 hazards]
=========     and Write access at void cusparse::csrmv_v3_kernel<std::integral_constant<bool, (bool)1>, int, int, double, double, double, double, void>(cusparse::KernelCoeffs<T7>, const T3 *, const T2 *, const T3 *, const T4 *, T2, int, int, const T5 *, T6 *, T3 *, T7 *)+0x4310 [8 hazards]
========= 
========= Warning: Race reported between Write access at void cusparse::csrmv_v3_kernel<std::integral_constant<bool, (bool)1>, int, int, double, double, double, double, void>(cusparse::KernelCoeffs<T7>, const T3 *, const T2 *, const T3 *, const T4 *, T2, int, int, const T5 *, T6 *, T3 *, T7 *)+0x42d0
=========     and Write access at void cusparse::csrmv_v3_kernel<std::integral_constant<bool, (bool)1>, int, int, double, double, double, double, void>(cusparse::KernelCoeffs<T7>, const T3 *, const T2 *, const T3 *, const T4 *, T2, int, int, const T5 *, T6 *, T3 *, T7 *)+0x4320 [13 hazards]
========= 
========= Error: Race reported between Write access at void cusparse::csrmv_v3_kernel<std::integral_constant<bool, (bool)1>, int, int, double, double, double, double, void>(cusparse::KernelCoeffs<T7>, const T3 *, const T2 *, const T3 *, const T4 *, T2, int, int, const T5 *, T6 *, T3 *, T7 *)+0x4310
=========     and Write access at void cusparse::csrmv_v3_kernel<std::integral_constant<bool, (bool)1>, int, int, double, double, double, double, void>(cusparse::KernelCoeffs<T7>, const T3 *, const T2 *, const T3 *, const T4 *, T2, int, int, const T5 *, T6 *, T3 *, T7 *)+0x4300 [8 hazards]
=========     and Write access at void cusparse::csrmv_v3_kernel<std::integral_constant<bool, (bool)1>, int, int, double, double, double, double, void>(cusparse::KernelCoeffs<T7>, const T3 *, const T2 *, const T3 *, const T4 *, T2, int, int, const T5 *, T6 *, T3 *, T7 *)+0x4310 [8 hazards]
========= 
========= Warning: Race reported between Write access at void cusparse::csrmv_v3_kernel<std::integral_constant<bool, (bool)1>, int, int, double, double, double, double, void>(cusparse::KernelCoeffs<T7>, const T3 *, const T2 *, const T3 *, const T4 *, T2, int, int, const T5 *, T6 *, T3 *, T7 *)+0x42d0
=========     and Write access at void cusparse::csrmv_v3_kernel<std::integral_constant<bool, (bool)1>, int, int, double, double, double, double, void>(cusparse::KernelCoeffs<T7>, const T3 *, const T2 *, const T3 *, const T4 *, T2, int, int, const T5 *, T6 *, T3 *, T7 *)+0x4320 [15 hazards]
========= 
========= Warning: Race reported between Write access at void cusparse::csrmv_v3_kernel<std::integral_constant<bool, (bool)1>, int, int, double, double, double, double, void>(cusparse::KernelCoeffs<T7>, const T3 *, const T2 *, const T3 *, const T4 *, T2, int, int, const T5 *, T6 *, T3 *, T7 *)+0x42d0
=========     and Write access at void cusparse::csrmv_v3_kernel<std::integral_constant<bool, (bool)1>, int, int, double, double, double, double, void>(cusparse::KernelCoeffs<T7>, const T3 *, const T2 *, const T3 *, const T4 *, T2, int, int, const T5 *, T6 *, T3 *, T7 *)+0x4320 [16 hazards]
========= 
========= Error: Race reported between Write access at void cusparse::csrmv_v3_kernel<std::integral_constant<bool, (bool)1>, int, int, double, double, double, double, void>(cusparse::KernelCoeffs<T7>, const T3 *, const T2 *, const T3 *, const T4 *, T2, int, int, const T5 *, T6 *, T3 *, T7 *)+0x4310
=========     and Write access at void cusparse::csrmv_v3_kernel<std::integral_constant<bool, (bool)1>, int, int, double, double, double, double, void>(cusparse::KernelCoeffs<T7>, const T3 *, const T2 *, const T3 *, const T4 *, T2, int, int, const T5 *, T6 *, T3 *, T7 *)+0x4300 [8 hazards]
=========     and Write access at void cusparse::csrmv_v3_kernel<std::integral_constant<bool, (bool)1>, int, int, double, double, double, double, void>(cusparse::KernelCoeffs<T7>, const T3 *, const T2 *, const T3 *, const T4 *, T2, int, int, const T5 *, T6 *, T3 *, T7 *)+0x4310 [8 hazards]
========= 
========= Error: Race reported between Write access at void cusparse::csrmv_v3_kernel<std::integral_constant<bool, (bool)1>, int, int, double, double, double, double, void>(cusparse::KernelCoeffs<T7>, const T3 *, const T2 *, const T3 *, const T4 *, T2, int, int, const T5 *, T6 *, T3 *, T7 *)+0x4310
=========     and Write access at void cusparse::csrmv_v3_kernel<std::integral_constant<bool, (bool)1>, int, int, double, double, double, double, void>(cusparse::KernelCoeffs<T7>, const T3 *, const T2 *, const T3 *, const T4 *, T2, int, int, const T5 *, T6 *, T3 *, T7 *)+0x4300 [8 hazards]
=========     and Write access at void cusparse::csrmv_v3_kernel<std::integral_constant<bool, (bool)1>, int, int, double, double, double, double, void>(cusparse::KernelCoeffs<T7>, const T3 *, const T2 *, const T3 *, const T4 *, T2, int, int, const T5 *, T6 *, T3 *, T7 *)+0x4310 [8 hazards]
========= 
========= Warning: Race reported between Write access at void cusparse::csrmv_v3_kernel<std::integral_constant<bool, (bool)1>, int, int, double, double, double, double, void>(cusparse::KernelCoeffs<T7>, const T3 *, const T2 *, const T3 *, const T4 *, T2, int, int, const T5 *, T6 *, T3 *, T7 *)+0x42d0
=========     and Write access at void cusparse::csrmv_v3_kernel<std::integral_constant<bool, (bool)1>, int, int, double, double, double, double, void>(cusparse::KernelCoeffs<T7>, const T3 *, const T2 *, const T3 *, const T4 *, T2, int, int, const T5 *, T6 *, T3 *, T7 *)+0x4320 [15 hazards]
========= 
========= Warning: Race reported between Write access at void cusparse::csrmv_v3_kernel<std::integral_constant<bool, (bool)1>, int, int, double, double, double, double, void>(cusparse::KernelCoeffs<T7>, const T3 *, const T2 *, const T3 *, const T4 *, T2, int, int, const T5 *, T6 *, T3 *, T7 *)+0x42d0
=========     and Write access at void cusparse::csrmv_v3_kernel<std::integral_constant<bool, (bool)1>, int, int, double, double, double, double, void>(cusparse::KernelCoeffs<T7>, const T3 *, const T2 *, const T3 *, const T4 *, T2, int, int, const T5 *, T6 *, T3 *, T7 *)+0x4320 [16 hazards]
========= 
========= Error: Race reported between Write access at void cusparse::csrmv_v3_kernel<std::integral_constant<bool, (bool)1>, int, int, double, double, double, double, void>(cusparse::KernelCoeffs<T7>, const T3 *, const T2 *, const T3 *, const T4 *, T2, int, int, const T5 *, T6 *, T3 *, T7 *)+0x4310
=========     and Write access at void cusparse::csrmv_v3_kernel<std::integral_constant<bool, (bool)1>, int, int, double, double, double, double, void>(cusparse::KernelCoeffs<T7>, const T3 *, const T2 *, const T3 *, const T4 *, T2, int, int, const T5 *, T6 *, T3 *, T7 *)+0x4300 [8 hazards]
=========     and Write access at void cusparse::csrmv_v3_kernel<std::integral_constant<bool, (bool)1>, int, int, double, double, double, double, void>(cusparse::KernelCoeffs<T7>, const T3 *, const T2 *, const T3 *, const T4 *, T2, int, int, const T5 *, T6 *, T3 *, T7 *)+0x4310 [8 hazards]
========= 
========= Warning: Race reported between Write access at void cusparse::csrmv_v3_kernel<std::integral_constant<bool, (bool)1>, int, int, double, double, double, double, void>(cusparse::KernelCoeffs<T7>, const T3 *, const T2 *, const T3 *, const T4 *, T2, int, int, const T5 *, T6 *, T3 *, T7 *)+0x42d0
=========     and Write access at void cusparse::csrmv_v3_kernel<std::integral_constant<bool, (bool)1>, int, int, double, double, double, double, void>(cusparse::KernelCoeffs<T7>, const T3 *, const T2 *, const T3 *, const T4 *, T2, int, int, const T5 *, T6 *, T3 *, T7 *)+0x4320 [16 hazards]
========= 
========= Error: Race reported between Write access at void cusparse::csrmv_v3_kernel<std::integral_constant<bool, (bool)1>, int, int, double, double, double, double, void>(cusparse::KernelCoeffs<T7>, const T3 *, const T2 *, const T3 *, const T4 *, T2, int, int, const T5 *, T6 *, T3 *, T7 *)+0x4310
=========     and Write access at void cusparse::csrmv_v3_kernel<std::integral_constant<bool, (bool)1>, int, int, double, double, double, double, void>(cusparse::KernelCoeffs<T7>, const T3 *, const T2 *, const T3 *, const T4 *, T2, int, int, const T5 *, T6 *, T3 *, T7 *)+0x4300 [8 hazards]
=========     and Write access at void cusparse::csrmv_v3_kernel<std::integral_constant<bool, (bool)1>, int, int, double, double, double, double, void>(cusparse::KernelCoeffs<T7>, const T3 *, const T2 *, const T3 *, const T4 *, T2, int, int, const T5 *, T6 *, T3 *, T7 *)+0x4310 [8 hazards]
========= 
========= Error: Race reported between Write access at void cusparse::csrmv_v3_kernel<std::integral_constant<bool, (bool)1>, int, int, double, double, double, double, void>(cusparse::KernelCoeffs<T7>, const T3 *, const T2 *, const T3 *, const T4 *, T2, int, int, const T5 *, T6 *, T3 *, T7 *)+0x4310
=========     and Write access at void cusparse::csrmv_v3_kernel<std::integral_constant<bool, (bool)1>, int, int, double, double, double, double, void>(cusparse::KernelCoeffs<T7>, const T3 *, const T2 *, const T3 *, const T4 *, T2, int, int, const T5 *, T6 *, T3 *, T7 *)+0x4300 [8 hazards]
=========     and Write access at void cusparse::csrmv_v3_kernel<std::integral_constant<bool, (bool)1>, int, int, double, double, double, double, void>(cusparse::KernelCoeffs<T7>, const T3 *, const T2 *, const T3 *, const T4 *, T2, int, int, const T5 *, T6 *, T3 *, T7 *)+0x4310 [8 hazards]
========= 
========= Warning: Race reported between Write access at void cusparse::csrmv_v3_kernel<std::integral_constant<bool, (bool)1>, int, int, double, double, double, double, void>(cusparse::KernelCoeffs<T7>, const T3 *, const T2 *, const T3 *, const T4 *, T2, int, int, const T5 *, T6 *, T3 *, T7 *)+0x42d0
=========     and Write access at void cusparse::csrmv_v3_kernel<std::integral_constant<bool, (bool)1>, int, int, double, double, double, double, void>(cusparse::KernelCoeffs<T7>, const T3 *, const T2 *, const T3 *, const T4 *, T2, int, int, const T5 *, T6 *, T3 *, T7 *)+0x4320 [14 hazards]
========= 
========= Error: Race reported between Write access at void cusparse::csrmv_v3_kernel<std::integral_constant<bool, (bool)1>, int, int, double, double, double, double, void>(cusparse::KernelCoeffs<T7>, const T3 *, const T2 *, const T3 *, const T4 *, T2, int, int, const T5 *, T6 *, T3 *, T7 *)+0x4310
=========     and Write access at void cusparse::csrmv_v3_kernel<std::integral_constant<bool, (bool)1>, int, int, double, double, double, double, void>(cusparse::KernelCoeffs<T7>, const T3 *, const T2 *, const T3 *, const T4 *, T2, int, int, const T5 *, T6 *, T3 *, T7 *)+0x4300 [8 hazards]
=========     and Write access at void cusparse::csrmv_v3_kernel<std::integral_constant<bool, (bool)1>, int, int, double, double, double, double, void>(cusparse::KernelCoeffs<T7>, const T3 *, const T2 *, const T3 *, const T4 *, T2, int, int, const T5 *, T6 *, T3 *, T7 *)+0x4310 [8 hazards]
========= 
========= Warning: Race reported between Write access at void cusparse::csrmv_v3_kernel<std::integral_constant<bool, (bool)1>, int, int, double, double, double, double, void>(cusparse::KernelCoeffs<T7>, const T3 *, const T2 *, const T3 *, const T4 *, T2, int, int, const T5 *, T6 *, T3 *, T7 *)+0x42d0
=========     and Write access at void cusparse::csrmv_v3_kernel<std::integral_constant<bool, (bool)1>, int, int, double, double, double, double, void>(cusparse::KernelCoeffs<T7>, const T3 *, const T2 *, const T3 *, const T4 *, T2, int, int, const T5 *, T6 *, T3 *, T7 *)+0x4320 [14 hazards]
========= 
========= Error: Race reported between Write access at void cusparse::csrmv_v3_kernel<std::integral_constant<bool, (bool)1>, int, int, double, double, double, double, void>(cusparse::KernelCoeffs<T7>, const T3 *, const T2 *, const T3 *, const T4 *, T2, int, int, const T5 *, T6 *, T3 *, T7 *)+0x4310
=========     and Write access at void cusparse::csrmv_v3_kernel<std::integral_constant<bool, (bool)1>, int, int, double, double, double, double, void>(cusparse::KernelCoeffs<T7>, const T3 *, const T2 *, const T3 *, const T4 *, T2, int, int, const T5 *, T6 *, T3 *, T7 *)+0x4300 [8 hazards]
=========     and Write access at void cusparse::csrmv_v3_kernel<std::integral_constant<bool, (bool)1>, int, int, double, double, double, double, void>(cusparse::KernelCoeffs<T7>, const T3 *, const T2 *, const T3 *, const T4 *, T2, int, int, const T5 *, T6 *, T3 *, T7 *)+0x4310 [8 hazards]
========= 
========= Warning: Race reported between Write access at void cusparse::csrmv_v3_kernel<std::integral_constant<bool, (bool)1>, int, int, double, double, double, double, void>(cusparse::KernelCoeffs<T7>, const T3 *, const T2 *, const T3 *, const T4 *, T2, int, int, const T5 *, T6 *, T3 *, T7 *)+0x42d0
=========     and Write access at void cusparse::csrmv_v3_kernel<std::integral_constant<bool, (bool)1>, int, int, double, double, double, double, void>(cusparse::KernelCoeffs<T7>, const T3 *, const T2 *, const T3 *, const T4 *, T2, int, int, const T5 *, T6 *, T3 *, T7 *)+0x4320 [14 hazards]
========= 
========= Error: Race reported between Write access at void cusparse::csrmv_v3_kernel<std::integral_constant<bool, (bool)1>, int, int, double, double, double, double, void>(cusparse::KernelCoeffs<T7>, const T3 *, const T2 *, const T3 *, const T4 *, T2, int, int, const T5 *, T6 *, T3 *, T7 *)+0x4310
=========     and Write access at void cusparse::csrmv_v3_kernel<std::integral_constant<bool, (bool)1>, int, int, double, double, double, double, void>(cusparse::KernelCoeffs<T7>, const T3 *, const T2 *, const T3 *, const T4 *, T2, int, int, const T5 *, T6 *, T3 *, T7 *)+0x4300 [8 hazards]
=========     and Write access at void cusparse::csrmv_v3_kernel<std::integral_constant<bool, (bool)1>, int, int, double, double, double, double, void>(cusparse::KernelCoeffs<T7>, const T3 *, const T2 *, const T3 *, const T4 *, T2, int, int, const T5 *, T6 *, T3 *, T7 *)+0x4310 [8 hazards]
========= 
========= Warning: Race reported between Write access at void cusparse::csrmv_v3_kernel<std::integral_constant<bool, (bool)1>, int, int, double, double, double, double, void>(cusparse::KernelCoeffs<T7>, const T3 *, const T2 *, const T3 *, const T4 *, T2, int, int, const T5 *, T6 *, T3 *, T7 *)+0x42d0
=========     and Write access at void cusparse::csrmv_v3_kernel<std::integral_constant<bool, (bool)1>, int, int, double, double, double, double, void>(cusparse::KernelCoeffs<T7>, const T3 *, const T2 *, const T3 *, const T4 *, T2, int, int, const T5 *, T6 *, T3 *, T7 *)+0x4320 [14 hazards]
========= 
========= Error: Race reported between Write access at void cusparse::csrmv_v3_kernel<std::integral_constant<bool, (bool)1>, int, int, double, double, double, double, void>(cusparse::KernelCoeffs<T7>, const T3 *, const T2 *, const T3 *, const T4 *, T2, int, int, const T5 *, T6 *, T3 *, T7 *)+0x4310
=========     and Write access at void cusparse::csrmv_v3_kernel<std::integral_constant<bool, (bool)1>, int, int, double, double, double, double, void>(cusparse::KernelCoeffs<T7>, const T3 *, const T2 *, const T3 *, const T4 *, T2, int, int, const T5 *, T6 *, T3 *, T7 *)+0x4300 [8 hazards]
=========     and Write access at void cusparse::csrmv_v3_kernel<std::integral_constant<bool, (bool)1>, int, int, double, double, double, double, void>(cusparse::KernelCoeffs<T7>, const T3 *, const T2 *, const T3 *, const T4 *, T2, int, int, const T5 *, T6 *, T3 *, T7 *)+0x4310 [8 hazards]
========= 
========= Warning: Race reported between Write access at void cusparse::csrmv_v3_kernel<std::integral_constant<bool, (bool)1>, int, int, double, double, double, double, void>(cusparse::KernelCoeffs<T7>, const T3 *, const T2 *, const T3 *, const T4 *, T2, int, int, const T5 *, T6 *, T3 *, T7 *)+0x42d0
=========     and Write access at void cusparse::csrmv_v3_kernel<std::integral_constant<bool, (bool)1>, int, int, double, double, double, double, void>(cusparse::KernelCoeffs<T7>, const T3 *, const T2 *, const T3 *, const T4 *, T2, int, int, const T5 *, T6 *, T3 *, T7 *)+0x4320 [14 hazards]
========= 
========= Warning: Race reported between Write access at void cusparse::csrmv_v3_kernel<std::integral_constant<bool, (bool)1>, int, int, double, double, double, double, void>(cusparse::KernelCoeffs<T7>, const T3 *, const T2 *, const T3 *, const T4 *, T2, int, int, const T5 *, T6 *, T3 *, T7 *)+0x42d0
=========     and Write access at void cusparse::csrmv_v3_kernel<std::integral_constant<bool, (bool)1>, int, int, double, double, double, double, void>(cusparse::KernelCoeffs<T7>, const T3 *, const T2 *, const T3 *, const T4 *, T2, int, int, const T5 *, T6 *, T3 *, T7 *)+0x4320 [16 hazards]
========= 
========= Error: Race reported between Write access at void cusparse::csrmv_v3_kernel<std::integral_constant<bool, (bool)1>, int, int, double, double, double, double, void>(cusparse::KernelCoeffs<T7>, const T3 *, const T2 *, const T3 *, const T4 *, T2, int, int, const T5 *, T6 *, T3 *, T7 *)+0x4310
=========     and Write access at void cusparse::csrmv_v3_kernel<std::integral_constant<bool, (bool)1>, int, int, double, double, double, double, void>(cusparse::KernelCoeffs<T7>, const T3 *, const T2 *, const T3 *, const T4 *, T2, int, int, const T5 *, T6 *, T3 *, T7 *)+0x4300 [8 hazards]
=========     and Write access at void cusparse::csrmv_v3_kernel<std::integral_constant<bool, (bool)1>, int, int, double, double, double, double, void>(cusparse::KernelCoeffs<T7>, const T3 *, const T2 *, const T3 *, const T4 *, T2, int, int, const T5 *, T6 *, T3 *, T7 *)+0x4310 [8 hazards]
========= 
========= Warning: Race reported between Write access at void cusparse::csrmv_v3_kernel<std::integral_constant<bool, (bool)1>, int, int, double, double, double, double, void>(cusparse::KernelCoeffs<T7>, const T3 *, const T2 *, const T3 *, const T4 *, T2, int, int, const T5 *, T6 *, T3 *, T7 *)+0x42d0
=========     and Write access at void cusparse::csrmv_v3_kernel<std::integral_constant<bool, (bool)1>, int, int, double, double, double, double, void>(cusparse::KernelCoeffs<T7>, const T3 *, const T2 *, const T3 *, const T4 *, T2, int, int, const T5 *, T6 *, T3 *, T7 *)+0x4320 [16 hazards]
========= 
========= Error: Race reported between Write access at void cusparse::csrmv_v3_kernel<std::integral_constant<bool, (bool)1>, int, int, double, double, double, double, void>(cusparse::KernelCoeffs<T7>, const T3 *, const T2 *, const T3 *, const T4 *, T2, int, int, const T5 *, T6 *, T3 *, T7 *)+0x4310
=========     and Write access at void cusparse::csrmv_v3_kernel<std::integral_constant<bool, (bool)1>, int, int, double, double, double, double, void>(cusparse::KernelCoeffs<T7>, const T3 *, const T2 *, const T3 *, const T4 *, T2, int, int, const T5 *, T6 *, T3 *, T7 *)+0x4300 [8 hazards]
=========     and Write access at void cusparse::csrmv_v3_kernel<std::integral_constant<bool, (bool)1>, int, int, double, double, double, double, void>(cusparse::KernelCoeffs<T7>, const T3 *, const T2 *, const T3 *, const T4 *, T2, int, int, const T5 *, T6 *, T3 *, T7 *)+0x4310 [8 hazards]
========= 
========= Warning: Race reported between Write access at void cusparse::csrmv_v3_kernel<std::integral_constant<bool, (bool)1>, int, int, double, double, double, double, void>(cusparse::KernelCoeffs<T7>, const T3 *, const T2 *, const T3 *, const T4 *, T2, int, int, const T5 *, T6 *, T3 *, T7 *)+0x42d0
=========     and Write access at void cusparse::csrmv_v3_kernel<std::integral_constant<bool, (bool)1>, int, int, double, double, double, double, void>(cusparse::KernelCoeffs<T7>, const T3 *, const T2 *, const T3 *, const T4 *, T2, int, int, const T5 *, T6 *, T3 *, T7 *)+0x4320 [16 hazards]
========= 
GPU: NVIDIA GeForce RTX 3050 A Laptop GPU (CC 8.9, 14 SMs)
eps = 1e-08   restart period = 64   time limit = 20.0 s   adaptive step = on

    instance   rows   cols      nnz | PDLP iter   syncs  rstrt  PDLP sec |  KKT worst   obj err |  CPU sec verdict
------------------------------------------------------------------------------------------------------------------------------------
       afiro     27     32       83 |       384      14      4    23.091 |   7.02e-06  8.79e-06 |    0.000 iter/time limit
       sc50b     50     48      118 |       384      14      4    23.356 |   1.82e-03  5.51e-03 |    0.000 iter/time limit
       sc50a     50     48      130 |       384      14      3    23.219 |   1.46e-03  7.18e-04 |    0.000 iter/time limit
         kb2     43     41      286 |       320      12      3    20.067 |   3.05e+00  1.12e-02 |    0.000 iter/time limit
    adlittle     56     97      383 |       384      14      3    23.672 |   5.79e-03  6.43e-03 |    0.001 iter/time limit

====================================================================================================================================
attempted 5   converged 0   converged AND within 1e-6 of the published optimum 0
========= RACECHECK SUMMARY: 100 hazards displayed (14329 errors, 1273 warnings)
